// Vitest Snapshot v1, https://vitest.dev/guide/snapshot.html

exports[`LobeOpenAI > models > should get models 1`] = `
[
  {
    "description": "GPT 3.5 Turbo，适用于各种文本生成和理解任务",
    "displayName": "GPT-3.5 Turbo",
    "enabled": true,
    "functionCall": true,
    "id": "gpt-3.5-turbo",
    "tokens": 16385,
  },
  {
    "displayName": "GPT-3.5 Turbo 16K",
    "id": "gpt-3.5-turbo-16k",
    "tokens": 16385,
  },
  {
    "displayName": "GPT-3.5 Turbo 16K (0613)",
    "id": "gpt-3.5-turbo-16k-0613",
    "legacy": true,
    "tokens": 4096,
  },
  {
    "displayName": "GPT-4 Turbo Vision Preview (1106)",
    "id": "gpt-4-1106-vision-preview",
    "tokens": 128000,
    "vision": true,
  },
  {
    "id": "gpt-3.5-turbo-instruct-0914",
  },
  {
    "displayName": "GPT-4 Turbo Preview (0125)",
    "functionCall": true,
    "id": "gpt-4-0125-preview",
    "tokens": 128000,
  },
  {
    "displayName": "GPT-4 Turbo Preview",
    "functionCall": true,
    "id": "gpt-4-turbo-preview",
    "tokens": 128000,
  },
  {
    "displayName": "GPT-3.5 Turbo Instruct",
    "id": "gpt-3.5-turbo-instruct",
    "tokens": 4096,
  },
  {
    "id": "gpt-3.5-turbo-0301",
  },
  {
    "displayName": "GPT-3.5 Turbo (0613)",
    "id": "gpt-3.5-turbo-0613",
    "legacy": true,
    "tokens": 4096,
  },
  {
    "displayName": "GPT-3.5 Turbo (1106)",
    "functionCall": true,
    "id": "gpt-3.5-turbo-1106",
    "tokens": 16385,
  },
  {
    "displayName": "GPT-4 Turbo Preview (1106)",
    "functionCall": true,
    "id": "gpt-4-1106-preview",
    "tokens": 128000,
  },
  {
    "description": "GPT-4 视觉预览版，支持视觉任务",
    "displayName": "GPT-4 Turbo Vision Preview",
    "id": "gpt-4-vision-preview",
    "tokens": 128000,
    "vision": true,
  },
  {
    "displayName": "GPT-4",
    "functionCall": true,
    "id": "gpt-4",
    "tokens": 8192,
  },
  {
    "displayName": "GPT-3.5 Turbo (0125)",
    "functionCall": true,
    "id": "gpt-3.5-turbo-0125",
    "tokens": 16385,
  },
  {
    "displayName": "GPT-4 (0613)",
    "functionCall": true,
    "id": "gpt-4-0613",
    "tokens": 8192,
  },
]
`;
